These changes have been performed during method conversion (after this backup was created):

---Method general info changes---
---Minor---
ValueModified Digitizer Type: 273647 --> 18
    Correct digitizer type in method's 'configuration'
---Otof method changes---
---Minor---
ValueModified IMS_Calibration_Funnel1In_PressureCompensationFactor (polarity = Positive)
    Set to 50 only if it was 0
ValueModified IMS_Calibration_Funnel1In_PressureCompensationFactor (polarity = Negative)
    Set to 50 only if it was 0
Added LockMass_Calibration_Enabled (polarity = Positive, Segment 0): 0
Added LockMass_Calibration_Enabled (polarity = Negative, Segment 0): 0
Added LockMass_Calibration_SummedSpectra (polarity = Positive, Segment 0): 1
Added LockMass_Calibration_SummedSpectra (polarity = Negative, Segment 0): 1
Added LockMass_Calibration_MinIntensity (polarity = Positive, Segment 0): 10000
Added LockMass_Calibration_MinIntensity (polarity = Negative, Segment 0): 10000
Added LockMass_Calibration_ReferenceMassList (polarity = Positive, Segment 0): 
Added LockMass_Calibration_ReferenceMassList (polarity = Negative, Segment 0): 
Added LockMass_Calibration_PeakTolerancePPM (polarity = Positive, Segment 0): 100.000000
Added LockMass_Calibration_PeakTolerancePPM (polarity = Negative, Segment 0): 100.000000
Added LockMass_Calibration_MinAssignedPeaks (polarity = Positive, Segment 0): 1
Added LockMass_Calibration_MinAssignedPeaks (polarity = Negative, Segment 0): 1
Added LockMass_Calibration_MaxPeakErrorPPM (polarity = Positive, Segment 0): 3.000000
Added LockMass_Calibration_MaxPeakErrorPPM (polarity = Negative, Segment 0): 3.000000
Added LockMass_Calibration_MaxStdDevInPPM (polarity = Positive, Segment 0): 3.000000
Added LockMass_Calibration_MaxStdDevInPPM (polarity = Negative, Segment 0): 3.000000
Other : 120 --> 130
    Increase the method version number
