These changes have been performed during method conversion (after this backup was created):

---Otof method changes---
---Minor---
Removed MSMS_Pasef_Scheduler_SwitchingTime
    Instrument parameter removed: MSMS_Pasef_Scheduler_SwitchingTime
Removed MSMS_Pasef_Scheduler_MeasuringTime
    Instrument parameter removed: MSMS_Pasef_Scheduler_MeasuringTime
Added MSMS_Pasef_Scheduler_SwitchingTime (Segment 0): 1.650000
Added MSMS_Pasef_Scheduler_MeasuringTime (Segment 0): 2.750000
Added IMS_InBatchCalibrationReferenceMassList (polarity = Positive, Segment 0): Tuning Mix ES-TOF CCS (In-Batch)
Added IMS_InBatchCalibrationReferenceMassList (polarity = Negative, Segment 0): Tuning Mix ES-TOF CCS (In-Batch)
Added IMS_RampOn (Segment 0): 1
Added TOF_DetectorTof_LastCalibrationDate: 
Added Vacuum_LastCapillaryCleaningDate: 
Added SpectraAcquisition_SaveSpectraNoneIMS (Segment 0): 1
Added SpectraAcquisition_Dia_Pasef_DenoisingFilterActive (Segment 0): 0
Added SpectraAcquisition_Dia_Pasef_DenoisingFilterMode (Segment 0): 0
Added Quadrupole_Ramping_IsolationMass_CalibrationCoefficients (Segment 0): 
Added Quadrupole_Ramping_IsolationResolution_CalibrationCoefficients (Segment 0): 
Added Quadrupole_Ramping_LastCalibrationDate (Segment 0): 
Added Quadrupole_Ramping_IsolationResolution_CalibrationSave (Segment 0): 0.000000
Added Quadrupole_Ramping_IsolationMass_CalibrationRampVelocity (Segment 0): 0.000000
Added Quadrupole_Ramping_CalibrationMode (Segment 0): 0
Added Quadrupole_Ramping_CalibrationReferenceMassList (Segment 0): 
Other : 140 --> 150
    Increase the method version number
